2026-09-02T09:43:44.812Z | RUNNING | Q001 | PRE_SUBMIT | SENDING | {"failed":0,"interrupted":0,"pending":2,"running":1,"success":0,"total":3}
2026-09-02T09:43:51.135Z | RUNNING | Q001 | PRE_SUBMIT | GENERATING | {"failed":0,"interrupted":0,"pending":2,"running":1,"success":0,"total":3}
2026-09-02T09:43:57.425Z | RUNNING | Q001 | PRE_SUBMIT | GENERATING | {"failed":0,"interrupted":0,"pending":2,"running":1,"success":0,"total":3}
2026-09-02T09:44:03.757Z | RUNNING | Q001 | PRE_SUBMIT | GENERATING | {"failed":0,"interrupted":0,"pending":2,"running":1,"success":0,"total":3}
2026-09-02T09:44:10.248Z | RUNNING | Q001 | PRE_SUBMIT | GENERATING | {"failed":0,"interrupted":0,"pending":2,"running":1,"success":0,"total":3}
2026-09-02T09:44:16.648Z | RUNNING | Q001 | PRE_SUBMIT | GENERATING | {"failed":0,"interrupted":0,"pending":2,"running":1,"success":0,"total":3}
2026-09-02T09:44:22.979Z | RUNNING | Q001 | PRE_SUBMIT | GENERATING | {"failed":0,"interrupted":0,"pending":2,"running":1,"success":0,"total":3}
2026-09-02T09:44:29.333Z | RUNNING | Q001 | OUTPUT_SAVED | FINALIZING / WAITING_IDLE | {"failed":0,"interrupted":0,"pending":2,"running":1,"success":0,"total":3}
2026-09-02T09:44:35.648Z | RUNNING | Q001 | OUTPUT_SAVED | FINALIZING / WAITING_IDLE | {"failed":0,"interrupted":0,"pending":2,"running":1,"success":0,"total":3}
2026-09-02T09:44:41.979Z | RUNNING | Q001 | SUCCESS | SUCCESS | {"failed":0,"interrupted":0,"pending":2,"running":0,"success":1,"total":3}
2026-09-02T09:44:48.260Z | RUNNING | Q001 | SUCCESS | SUCCESS | {"failed":0,"interrupted":0,"pending":2,"running":0,"success":1,"total":3}
2026-09-02T09:44:54.537Z | RUNNING | Q001 | SUCCESS | SUCCESS | {"failed":0,"interrupted":0,"pending":2,"running":0,"success":1,"total":3}
2026-09-02T09:45:00.825Z | RUNNING | Q001 | SUCCESS | SUCCESS | {"failed":0,"interrupted":0,"pending":2,"running":0,"success":1,"total":3}
2026-09-02T09:45:07.099Z | RUNNING | Q002 | PRE_SUBMIT | WAITING_READY | {"failed":0,"interrupted":0,"pending":1,"running":1,"success":1,"total":3}
2026-09-02T09:45:13.421Z | RUNNING | Q002 | PRE_SUBMIT | GENERATING | {"failed":0,"interrupted":0,"pending":1,"running":1,"success":1,"total":3}
2026-09-02T09:45:19.853Z | RUNNING | Q002 | PRE_SUBMIT | GENERATING | {"failed":0,"interrupted":0,"pending":1,"running":1,"success":1,"total":3}
2026-09-02T09:45:26.218Z | RUNNING | Q002 | PRE_SUBMIT | GENERATING | {"failed":0,"interrupted":0,"pending":1,"running":1,"success":1,"total":3}
2026-09-02T09:45:32.577Z | RUNNING | Q002 | PRE_SUBMIT | GENERATING | {"failed":0,"interrupted":0,"pending":1,"running":1,"success":1,"total":3}
2026-09-02T09:45:38.926Z | RUNNING | Q002 | PRE_SUBMIT | GENERATING | {"failed":0,"interrupted":0,"pending":1,"running":1,"success":1,"total":3}
2026-09-02T09:45:45.221Z | RUNNING | Q002 | OUTPUT_SAVED | FINALIZING / WAITING_IDLE | {"failed":0,"interrupted":0,"pending":1,"running":1,"success":1,"total":3}
2026-09-02T09:45:51.478Z | RUNNING | Q002 | OUTPUT_SAVED | FINALIZING / WAITING_IDLE | {"failed":0,"interrupted":0,"pending":1,"running":1,"success":1,"total":3}
2026-09-02T09:45:57.757Z | RUNNING | Q002 | SUCCESS | SUCCESS | {"failed":0,"interrupted":0,"pending":1,"running":0,"success":2,"total":3}
2026-09-02T09:46:04.049Z | RUNNING | Q002 | SUCCESS | SUCCESS | {"failed":0,"interrupted":0,"pending":1,"running":0,"success":2,"total":3}
2026-09-02T09:46:10.332Z | RUNNING | Q002 | SUCCESS | SUCCESS | {"failed":0,"interrupted":0,"pending":1,"running":0,"success":2,"total":3}
2026-09-02T09:46:16.643Z | RUNNING | Q002 | SUCCESS | SUCCESS | {"failed":0,"interrupted":0,"pending":1,"running":0,"success":2,"total":3}
2026-09-02T09:46:22.918Z | RUNNING | Q003 | PRE_SUBMIT | WAITING_READY | {"failed":0,"interrupted":0,"pending":0,"running":1,"success":2,"total":3}
2026-09-02T09:46:29.293Z | RUNNING | Q003 | PRE_SUBMIT | GENERATING | {"failed":0,"interrupted":0,"pending":0,"running":1,"success":2,"total":3}
2026-09-02T09:46:35.624Z | RUNNING | Q003 | PRE_SUBMIT | GENERATING | {"failed":0,"interrupted":0,"pending":0,"running":1,"success":2,"total":3}
2026-09-02T09:46:41.953Z | RUNNING | Q003 | PRE_SUBMIT | GENERATING | {"failed":0,"interrupted":0,"pending":0,"running":1,"success":2,"total":3}
2026-09-02T09:46:48.271Z | RUNNING | Q003 | PRE_SUBMIT | GENERATING | {"failed":0,"interrupted":0,"pending":0,"running":1,"success":2,"total":3}
2026-09-02T09:46:54.588Z | RUNNING | Q003 | PRE_SUBMIT | GENERATING | {"failed":0,"interrupted":0,"pending":0,"running":1,"success":2,"total":3}
2026-09-02T09:47:00.973Z | RUNNING | Q003 | PRE_SUBMIT | GENERATING | {"failed":0,"interrupted":0,"pending":0,"running":1,"success":2,"total":3}
2026-09-02T09:47:07.325Z | RUNNING | Q003 | PRE_SUBMIT | GENERATING | {"failed":0,"interrupted":0,"pending":0,"running":1,"success":2,"total":3}
2026-09-02T09:47:13.598Z | RUNNING | Q003 | OUTPUT_SAVED | FINALIZING / WAITING_IDLE | {"failed":0,"interrupted":0,"pending":0,"running":1,"success":2,"total":3}
2026-09-02T09:47:19.846Z | IDLE | Q003 | SUCCESS | SUCCESS | {"failed":0,"interrupted":0,"pending":0,"running":0,"success":3,"total":3}
