2026-09-02T11:38:24.837Z | RUNNING | Q001 | PRE_SUBMIT | SENDING | {"failed":0,"interrupted":0,"pending":6,"running":1,"success":0,"total":7} | 
2026-09-02T11:38:35.244Z | RUNNING | Q001 | PRE_SUBMIT | SENDING | {"failed":0,"interrupted":0,"pending":6,"running":1,"success":0,"total":7} | 
2026-09-02T11:38:45.524Z | RUNNING | Q001 | PRE_SUBMIT | SENDING | {"failed":0,"interrupted":0,"pending":6,"running":1,"success":0,"total":7} | 
2026-09-02T11:38:55.830Z | RUNNING | Q001 | PRE_SUBMIT | SENDING | {"failed":0,"interrupted":0,"pending":6,"running":1,"success":0,"total":7} | 
2026-09-02T11:39:06.115Z | RUNNING | Q001 | PRE_SUBMIT | SENDING | {"failed":0,"interrupted":0,"pending":6,"running":1,"success":0,"total":7} | 
2026-09-02T11:39:16.413Z | RUNNING | Q001 | PRE_SUBMIT | SENDING | {"failed":0,"interrupted":0,"pending":6,"running":1,"success":0,"total":7} | 
2026-09-02T11:39:26.684Z | RUNNING | Q001 | PRE_SUBMIT | SENDING | {"failed":0,"interrupted":0,"pending":6,"running":1,"success":0,"total":7} | 
2026-09-02T11:39:37.018Z | RUNNING | Q001 | PRE_SUBMIT | SENDING | {"failed":0,"interrupted":0,"pending":6,"running":1,"success":0,"total":7} | 
2026-09-02T11:39:47.284Z | RUNNING | Q001 | PRE_SUBMIT | GENERATING | {"failed":0,"interrupted":0,"pending":6,"running":1,"success":0,"total":7} | 
2026-09-02T11:39:57.544Z | RUNNING | Q001 | PRE_SUBMIT | GENERATING | {"failed":0,"interrupted":0,"pending":6,"running":1,"success":0,"total":7} | 
2026-09-02T11:40:07.823Z | RUNNING | Q001 | PRE_SUBMIT | GENERATING | {"failed":0,"interrupted":0,"pending":6,"running":1,"success":0,"total":7} | 
2026-09-02T11:40:18.135Z | RUNNING | Q001 | PRE_SUBMIT | GENERATING | {"failed":0,"interrupted":0,"pending":6,"running":1,"success":0,"total":7} | 
2026-09-02T11:40:28.402Z | RUNNING | Q001 | PRE_SUBMIT | GENERATING | {"failed":0,"interrupted":0,"pending":6,"running":1,"success":0,"total":7} | 
2026-09-02T11:40:38.671Z | RUNNING | Q001 | PRE_SUBMIT | GENERATING | {"failed":0,"interrupted":0,"pending":6,"running":1,"success":0,"total":7} | 
2026-09-02T11:40:48.976Z | RUNNING | Q001 | PRE_SUBMIT | GENERATING | {"failed":0,"interrupted":0,"pending":6,"running":1,"success":0,"total":7} | 
2026-09-02T11:40:59.242Z | RUNNING | Q001 | PRE_SUBMIT | GENERATING | {"failed":0,"interrupted":0,"pending":6,"running":1,"success":0,"total":7} | 
2026-09-02T11:41:09.530Z | RUNNING | Q001 | PRE_SUBMIT | GENERATING | {"failed":0,"interrupted":0,"pending":6,"running":1,"success":0,"total":7} | 
2026-09-02T11:41:19.814Z | RUNNING | Q001 | PRE_SUBMIT | GENERATING | {"failed":0,"interrupted":0,"pending":6,"running":1,"success":0,"total":7} | 
2026-09-02T11:41:30.084Z | RUNNING | Q001 | PRE_SUBMIT | GENERATING | {"failed":0,"interrupted":0,"pending":6,"running":1,"success":0,"total":7} | 
2026-09-02T11:41:40.348Z | RUNNING | Q001 | PRE_SUBMIT | GENERATING | {"failed":0,"interrupted":0,"pending":6,"running":1,"success":0,"total":7} | 
2026-09-02T11:41:50.628Z | RUNNING | Q001 | PRE_SUBMIT | GENERATING | {"failed":0,"interrupted":0,"pending":6,"running":1,"success":0,"total":7} | 
2026-09-02T11:42:00.911Z | RUNNING | Q001 | PRE_SUBMIT | GENERATING | {"failed":0,"interrupted":0,"pending":6,"running":1,"success":0,"total":7} | 
2026-09-02T11:42:11.177Z | RUNNING | Q001 | OUTPUT_SAVED | FINALIZING / WAITING_IDLE | {"failed":0,"interrupted":0,"pending":6,"running":1,"success":0,"total":7} | 
2026-09-02T11:42:21.451Z | RUNNING | Q001 | SUCCESS | SUCCESS | {"failed":0,"interrupted":0,"pending":6,"running":0,"success":1,"total":7} | 
2026-09-02T11:42:31.726Z | RUNNING | Q001 | SUCCESS | SUCCESS | {"failed":0,"interrupted":0,"pending":6,"running":0,"success":1,"total":7} | 
2026-09-02T11:42:42.003Z | RUNNING | Q001 | SUCCESS | SUCCESS | {"failed":0,"interrupted":0,"pending":6,"running":0,"success":1,"total":7} | 
2026-09-02T11:42:52.289Z | RUNNING | Q001 | SUCCESS | SUCCESS | {"failed":0,"interrupted":0,"pending":6,"running":0,"success":1,"total":7} | 
2026-09-02T11:43:02.570Z | RUNNING | Q001 | SUCCESS | SUCCESS | {"failed":0,"interrupted":0,"pending":6,"running":0,"success":1,"total":7} | 
2026-09-02T11:43:12.854Z | RUNNING | Q001 | SUCCESS | SUCCESS | {"failed":0,"interrupted":0,"pending":6,"running":0,"success":1,"total":7} | 
2026-09-02T11:43:23.138Z | RUNNING | Q001 | SUCCESS | SUCCESS | {"failed":0,"interrupted":0,"pending":6,"running":0,"success":1,"total":7} | 
2026-09-02T11:43:33.452Z | RUNNING | Q001 | SUCCESS | SUCCESS | {"failed":0,"interrupted":0,"pending":6,"running":0,"success":1,"total":7} | 
2026-09-02T11:43:43.734Z | RUNNING | Q001 | SUCCESS | SUCCESS | {"failed":0,"interrupted":0,"pending":6,"running":0,"success":1,"total":7} | 
2026-09-02T11:43:54.037Z | RUNNING | Q001 | SUCCESS | SUCCESS | {"failed":0,"interrupted":0,"pending":6,"running":0,"success":1,"total":7} | 
2026-09-02T11:44:04.312Z | RUNNING | Q001 | SUCCESS | SUCCESS | {"failed":0,"interrupted":0,"pending":6,"running":0,"success":1,"total":7} | 
2026-09-02T11:44:14.590Z | RUNNING | Q001 | SUCCESS | SUCCESS | {"failed":0,"interrupted":0,"pending":6,"running":0,"success":1,"total":7} | 
2026-09-02T11:44:24.855Z | RUNNING | Q002 | PRE_SUBMIT | WAITING_READY | {"failed":0,"interrupted":0,"pending":5,"running":1,"success":1,"total":7} | 
2026-09-02T11:44:35.128Z | RUNNING | Q002 | PRE_SUBMIT | SENDING | {"failed":0,"interrupted":0,"pending":5,"running":1,"success":1,"total":7} | 
2026-09-02T11:44:45.409Z | RUNNING | Q002 | PRE_SUBMIT | SENDING | {"failed":0,"interrupted":0,"pending":5,"running":1,"success":1,"total":7} | 
2026-09-02T11:44:55.680Z | RUNNING | Q002 | PRE_SUBMIT | SENDING | {"failed":0,"interrupted":0,"pending":5,"running":1,"success":1,"total":7} | 
2026-09-02T11:45:06.004Z | RUNNING | Q002 | PRE_SUBMIT | SENDING | {"failed":0,"interrupted":0,"pending":5,"running":1,"success":1,"total":7} | 
2026-09-02T11:45:16.290Z | RUNNING | Q002 | PRE_SUBMIT | SENDING | {"failed":0,"interrupted":0,"pending":5,"running":1,"success":1,"total":7} | 
2026-09-02T11:45:26.592Z | RUNNING | Q002 | PRE_SUBMIT | SENDING | {"failed":0,"interrupted":0,"pending":5,"running":1,"success":1,"total":7} | 
2026-09-02T11:45:36.875Z | RUNNING | Q002 | PRE_SUBMIT | SENDING | {"failed":0,"interrupted":0,"pending":5,"running":1,"success":1,"total":7} | 
2026-09-02T11:45:47.158Z | RUNNING | Q002 | PRE_SUBMIT | SENDING | {"failed":0,"interrupted":0,"pending":5,"running":1,"success":1,"total":7} | 
2026-09-02T11:45:57.432Z | RUNNING | Q002 | PRE_SUBMIT | SENDING | {"failed":0,"interrupted":0,"pending":5,"running":1,"success":1,"total":7} | 
2026-09-02T11:46:07.692Z | RUNNING | Q002 | PRE_SUBMIT | SENDING | {"failed":0,"interrupted":0,"pending":5,"running":1,"success":1,"total":7} | 
2026-09-02T11:46:17.962Z | RUNNING | Q002 | PRE_SUBMIT | SENDING | {"failed":0,"interrupted":0,"pending":5,"running":1,"success":1,"total":7} | 
2026-09-02T11:46:28.219Z | RUNNING | Q002 | PRE_SUBMIT | SENDING | {"failed":0,"interrupted":0,"pending":5,"running":1,"success":1,"total":7} | 
2026-09-02T11:46:38.490Z | RUNNING | Q002 | PRE_SUBMIT | SENDING | {"failed":0,"interrupted":0,"pending":5,"running":1,"success":1,"total":7} | 
2026-09-02T11:46:48.768Z | RUNNING | Q002 | PRE_SUBMIT | GENERATING | {"failed":0,"interrupted":0,"pending":5,"running":1,"success":1,"total":7} | 
2026-09-02T11:46:59.062Z | RUNNING | Q002 | PRE_SUBMIT | GENERATING | {"failed":0,"interrupted":0,"pending":5,"running":1,"success":1,"total":7} | 
2026-09-02T11:47:09.330Z | RUNNING | Q002 | PRE_SUBMIT | GENERATING | {"failed":0,"interrupted":0,"pending":5,"running":1,"success":1,"total":7} | 
2026-09-02T11:47:19.622Z | RUNNING | Q002 | PRE_SUBMIT | GENERATING | {"failed":0,"interrupted":0,"pending":5,"running":1,"success":1,"total":7} | 
2026-09-02T11:47:29.900Z | RUNNING | Q002 | PRE_SUBMIT | GENERATING | {"failed":0,"interrupted":0,"pending":5,"running":1,"success":1,"total":7} | 
2026-09-02T11:47:40.173Z | RUNNING | Q002 | PRE_SUBMIT | GENERATING | {"failed":0,"interrupted":0,"pending":5,"running":1,"success":1,"total":7} | 
2026-09-02T11:47:50.470Z | RUNNING | Q002 | PRE_SUBMIT | GENERATING | {"failed":0,"interrupted":0,"pending":5,"running":1,"success":1,"total":7} | 
2026-09-02T11:48:00.749Z | RUNNING | Q002 | PRE_SUBMIT | GENERATING | {"failed":0,"interrupted":0,"pending":5,"running":1,"success":1,"total":7} | 
2026-09-02T11:48:11.019Z | RUNNING | Q002 | PRE_SUBMIT | GENERATING | {"failed":0,"interrupted":0,"pending":5,"running":1,"success":1,"total":7} | 
2026-09-02T11:48:21.291Z | RUNNING | Q002 | PRE_SUBMIT | GENERATING | {"failed":0,"interrupted":0,"pending":5,"running":1,"success":1,"total":7} | 
2026-09-02T11:48:31.566Z | RUNNING | Q002 | PRE_SUBMIT | GENERATING | {"failed":0,"interrupted":0,"pending":5,"running":1,"success":1,"total":7} | 
2026-09-02T11:48:41.820Z | RUNNING | Q002 | PRE_SUBMIT | GENERATING | {"failed":0,"interrupted":0,"pending":5,"running":1,"success":1,"total":7} | 
2026-09-02T11:48:52.102Z | RUNNING | Q002 | PRE_SUBMIT | GENERATING | {"failed":0,"interrupted":0,"pending":5,"running":1,"success":1,"total":7} | 
2026-09-02T11:49:02.384Z | RUNNING | Q002 | PRE_SUBMIT | GENERATING | {"failed":0,"interrupted":0,"pending":5,"running":1,"success":1,"total":7} | 
2026-09-02T11:49:12.644Z | RUNNING | Q002 | PRE_SUBMIT | GENERATING | {"failed":0,"interrupted":0,"pending":5,"running":1,"success":1,"total":7} | 
2026-09-02T11:49:22.924Z | RUNNING | Q002 | PRE_SUBMIT | GENERATING | {"failed":0,"interrupted":0,"pending":5,"running":1,"success":1,"total":7} | 
2026-09-02T11:49:33.205Z | RUNNING | Q002 | PRE_SUBMIT | GENERATING | {"failed":0,"interrupted":0,"pending":5,"running":1,"success":1,"total":7} | 
2026-09-02T11:49:43.471Z | RUNNING | Q002 | OUTPUT_SAVED | FINALIZING / WAITING_IDLE | {"failed":0,"interrupted":0,"pending":5,"running":1,"success":1,"total":7} | 
2026-09-02T11:49:53.724Z | RUNNING | Q002 | SUCCESS | SUCCESS | {"failed":0,"interrupted":0,"pending":5,"running":0,"success":2,"total":7} | 
2026-09-02T11:50:03.990Z | RUNNING | Q002 | SUCCESS | SUCCESS | {"failed":0,"interrupted":0,"pending":5,"running":0,"success":2,"total":7} | 
2026-09-02T11:50:14.281Z | RUNNING | Q002 | SUCCESS | SUCCESS | {"failed":0,"interrupted":0,"pending":5,"running":0,"success":2,"total":7} | 
2026-09-02T11:50:24.550Z | RUNNING | Q002 | SUCCESS | SUCCESS | {"failed":0,"interrupted":0,"pending":5,"running":0,"success":2,"total":7} | 
2026-09-02T11:50:34.814Z | RUNNING | Q002 | SUCCESS | SUCCESS | {"failed":0,"interrupted":0,"pending":5,"running":0,"success":2,"total":7} | 
2026-09-02T11:50:45.081Z | RUNNING | Q002 | SUCCESS | SUCCESS | {"failed":0,"interrupted":0,"pending":5,"running":0,"success":2,"total":7} | 
2026-09-02T11:50:55.367Z | RUNNING | Q002 | SUCCESS | SUCCESS | {"failed":0,"interrupted":0,"pending":5,"running":0,"success":2,"total":7} | 
2026-09-02T11:51:05.649Z | RUNNING | Q002 | SUCCESS | SUCCESS | {"failed":0,"interrupted":0,"pending":5,"running":0,"success":2,"total":7} | 
2026-09-02T11:51:15.907Z | RUNNING | Q002 | SUCCESS | SUCCESS | {"failed":0,"interrupted":0,"pending":5,"running":0,"success":2,"total":7} | 
2026-09-02T11:51:26.241Z | RUNNING | Q002 | SUCCESS | SUCCESS | {"failed":0,"interrupted":0,"pending":5,"running":0,"success":2,"total":7} | 
2026-09-02T11:51:36.522Z | RUNNING | Q002 | SUCCESS | SUCCESS | {"failed":0,"interrupted":0,"pending":5,"running":0,"success":2,"total":7} | 
2026-09-02T11:51:46.807Z | RUNNING | Q002 | SUCCESS | SUCCESS | {"failed":0,"interrupted":0,"pending":5,"running":0,"success":2,"total":7} | 
2026-09-02T11:51:57.150Z | RUNNING | Q002 | SUCCESS | SUCCESS | {"failed":0,"interrupted":0,"pending":5,"running":0,"success":2,"total":7} | 
2026-09-02T11:52:07.438Z | RUNNING | Q002 | SUCCESS | SUCCESS | {"failed":0,"interrupted":0,"pending":5,"running":0,"success":2,"total":7} | 
2026-09-02T11:52:17.705Z | RUNNING | Q002 | SUCCESS | SUCCESS | {"failed":0,"interrupted":0,"pending":5,"running":0,"success":2,"total":7} | 
2026-09-02T11:52:27.977Z | RUNNING | Q002 | SUCCESS | SUCCESS | {"failed":0,"interrupted":0,"pending":5,"running":0,"success":2,"total":7} | 
2026-09-02T11:52:38.270Z | RUNNING | Q002 | SUCCESS | SUCCESS | {"failed":0,"interrupted":0,"pending":5,"running":0,"success":2,"total":7} | 
2026-09-02T11:52:48.555Z | RUNNING | Q002 | SUCCESS | SUCCESS | {"failed":0,"interrupted":0,"pending":5,"running":0,"success":2,"total":7} | 
2026-09-02T11:52:58.851Z | RUNNING | Q002 | SUCCESS | SUCCESS | {"failed":0,"interrupted":0,"pending":5,"running":0,"success":2,"total":7} | 
2026-09-02T11:53:09.140Z | RUNNING | Q002 | SUCCESS | SUCCESS | {"failed":0,"interrupted":0,"pending":5,"running":0,"success":2,"total":7} | 
2026-09-02T11:53:19.428Z | RUNNING | Q002 | SUCCESS | SUCCESS | {"failed":0,"interrupted":0,"pending":5,"running":0,"success":2,"total":7} | 
2026-09-02T11:53:29.700Z | RUNNING | Q002 | SUCCESS | SUCCESS | {"failed":0,"interrupted":0,"pending":5,"running":0,"success":2,"total":7} | 
2026-09-02T11:53:39.990Z | RUNNING | Q002 | SUCCESS | SUCCESS | {"failed":0,"interrupted":0,"pending":5,"running":0,"success":2,"total":7} | 
2026-09-02T11:53:50.270Z | RUNNING | Q002 | SUCCESS | SUCCESS | {"failed":0,"interrupted":0,"pending":5,"running":0,"success":2,"total":7} | 
2026-09-02T11:54:00.540Z | RUNNING | Q002 | SUCCESS | SUCCESS | {"failed":0,"interrupted":0,"pending":5,"running":0,"success":2,"total":7} | 
2026-09-02T11:54:10.813Z | RUNNING | Q002 | SUCCESS | SUCCESS | {"failed":0,"interrupted":0,"pending":5,"running":0,"success":2,"total":7} | 
2026-09-02T11:54:21.074Z | RUNNING | Q002 | SUCCESS | SUCCESS | {"failed":0,"interrupted":0,"pending":5,"running":0,"success":2,"total":7} | 
2026-09-02T11:54:31.346Z | RUNNING | Q002 | SUCCESS | SUCCESS | {"failed":0,"interrupted":0,"pending":5,"running":0,"success":2,"total":7} | 
2026-09-02T11:54:41.609Z | RUNNING | Q002 | SUCCESS | SUCCESS | {"failed":0,"interrupted":0,"pending":5,"running":0,"success":2,"total":7} | 
2026-09-02T11:54:51.896Z | RUNNING | Q002 | SUCCESS | SUCCESS | {"failed":0,"interrupted":0,"pending":5,"running":0,"success":2,"total":7} | 
2026-09-02T11:55:02.158Z | RUNNING | Q002 | SUCCESS | SUCCESS | {"failed":0,"interrupted":0,"pending":5,"running":0,"success":2,"total":7} | 
2026-09-02T11:55:12.421Z | RUNNING | Q002 | SUCCESS | SUCCESS | {"failed":0,"interrupted":0,"pending":5,"running":0,"success":2,"total":7} | 
2026-09-02T11:55:22.696Z | RUNNING | Q002 | SUCCESS | SUCCESS | {"failed":0,"interrupted":0,"pending":5,"running":0,"success":2,"total":7} | 
2026-09-02T11:55:32.971Z | RUNNING | Q002 | SUCCESS | SUCCESS | {"failed":0,"interrupted":0,"pending":5,"running":0,"success":2,"total":7} | 
2026-09-02T11:55:43.242Z | RUNNING | Q002 | SUCCESS | SUCCESS | {"failed":0,"interrupted":0,"pending":5,"running":0,"success":2,"total":7} | 
2026-09-02T11:55:53.525Z | RUNNING | Q002 | SUCCESS | SUCCESS | {"failed":0,"interrupted":0,"pending":5,"running":0,"success":2,"total":7} | 
2026-09-02T11:56:03.784Z | RUNNING | Q002 | SUCCESS | SUCCESS | {"failed":0,"interrupted":0,"pending":5,"running":0,"success":2,"total":7} | 
2026-09-02T11:56:14.036Z | RUNNING | Q002 | SUCCESS | SUCCESS | {"failed":0,"interrupted":0,"pending":5,"running":0,"success":2,"total":7} | 
2026-09-02T11:56:24.292Z | RUNNING | Q002 | SUCCESS | SUCCESS | {"failed":0,"interrupted":0,"pending":5,"running":0,"success":2,"total":7} | 
2026-09-02T11:56:34.545Z | RUNNING | Q002 | SUCCESS | SUCCESS | {"failed":0,"interrupted":0,"pending":5,"running":0,"success":2,"total":7} | 
2026-09-02T11:56:44.808Z | RUNNING | Q002 | SUCCESS | SUCCESS | {"failed":0,"interrupted":0,"pending":5,"running":0,"success":2,"total":7} | 
2026-09-02T11:56:55.077Z | RUNNING | Q002 | SUCCESS | SUCCESS | {"failed":0,"interrupted":0,"pending":5,"running":0,"success":2,"total":7} | 
2026-09-02T11:57:05.341Z | RUNNING | Q002 | SUCCESS | SUCCESS | {"failed":0,"interrupted":0,"pending":5,"running":0,"success":2,"total":7} | 
2026-09-02T11:57:15.621Z | RUNNING | Q002 | SUCCESS | SUCCESS | {"failed":0,"interrupted":0,"pending":5,"running":0,"success":2,"total":7} | 
2026-09-02T11:57:25.885Z | RUNNING | Q002 | SUCCESS | SUCCESS | {"failed":0,"interrupted":0,"pending":5,"running":0,"success":2,"total":7} | 
2026-09-02T11:57:36.159Z | RUNNING | Q002 | SUCCESS | SUCCESS | {"failed":0,"interrupted":0,"pending":5,"running":0,"success":2,"total":7} | 
2026-09-02T11:57:46.439Z | RUNNING | Q002 | SUCCESS | SUCCESS | {"failed":0,"interrupted":0,"pending":5,"running":0,"success":2,"total":7} | 
2026-09-02T11:57:56.712Z | RUNNING | Q002 | SUCCESS | SUCCESS | {"failed":0,"interrupted":0,"pending":5,"running":0,"success":2,"total":7} | 
2026-09-02T11:58:06.981Z | RUNNING | Q002 | SUCCESS | SUCCESS | {"failed":0,"interrupted":0,"pending":5,"running":0,"success":2,"total":7} | 
2026-09-02T11:58:17.253Z | RUNNING | Q002 | SUCCESS | SUCCESS | {"failed":0,"interrupted":0,"pending":5,"running":0,"success":2,"total":7} | 
2026-09-02T11:58:27.541Z | RUNNING | Q002 | SUCCESS | SUCCESS | {"failed":0,"interrupted":0,"pending":5,"running":0,"success":2,"total":7} | 
2026-09-02T11:58:37.796Z | RUNNING | Q002 | SUCCESS | SUCCESS | {"failed":0,"interrupted":0,"pending":5,"running":0,"success":2,"total":7} | 
2026-09-02T11:58:48.072Z | RUNNING | Q002 | SUCCESS | SUCCESS | {"failed":0,"interrupted":0,"pending":5,"running":0,"success":2,"total":7} | 
2026-09-02T11:58:58.360Z | RUNNING | Q002 | SUCCESS | SUCCESS | {"failed":0,"interrupted":0,"pending":5,"running":0,"success":2,"total":7} | 
2026-09-02T11:59:08.644Z | RUNNING | Q002 | SUCCESS | SUCCESS | {"failed":0,"interrupted":0,"pending":5,"running":0,"success":2,"total":7} | 
2026-09-02T11:59:18.913Z | RUNNING | Q002 | SUCCESS | SUCCESS | {"failed":0,"interrupted":0,"pending":5,"running":0,"success":2,"total":7} | 
2026-09-02T11:59:29.161Z | RUNNING | Q002 | SUCCESS | SUCCESS | {"failed":0,"interrupted":0,"pending":5,"running":0,"success":2,"total":7} | 
2026-09-02T11:59:39.429Z | RUNNING | Q002 | SUCCESS | SUCCESS | {"failed":0,"interrupted":0,"pending":5,"running":0,"success":2,"total":7} | 
2026-09-02T11:59:49.699Z | RUNNING | Q002 | SUCCESS | SUCCESS | {"failed":0,"interrupted":0,"pending":5,"running":0,"success":2,"total":7} | 
2026-09-02T11:59:59.974Z | RUNNING | Q002 | SUCCESS | SUCCESS | {"failed":0,"interrupted":0,"pending":5,"running":0,"success":2,"total":7} | 
2026-09-02T12:00:10.244Z | RUNNING | Q002 | SUCCESS | SUCCESS | {"failed":0,"interrupted":0,"pending":5,"running":0,"success":2,"total":7} | 
2026-09-02T12:00:20.521Z | RUNNING | Q002 | SUCCESS | SUCCESS | {"failed":0,"interrupted":0,"pending":5,"running":0,"success":2,"total":7} | 
2026-09-02T12:00:30.788Z | RUNNING | Q002 | SUCCESS | SUCCESS | {"failed":0,"interrupted":0,"pending":5,"running":0,"success":2,"total":7} | 
2026-09-02T12:00:41.044Z | RUNNING | Q002 | SUCCESS | SUCCESS | {"failed":0,"interrupted":0,"pending":5,"running":0,"success":2,"total":7} | 
2026-09-02T12:00:51.312Z | RUNNING | Q002 | SUCCESS | SUCCESS | {"failed":0,"interrupted":0,"pending":5,"running":0,"success":2,"total":7} | 
2026-09-02T12:01:01.577Z | RUNNING | Q002 | SUCCESS | SUCCESS | {"failed":0,"interrupted":0,"pending":5,"running":0,"success":2,"total":7} | 
2026-09-02T12:01:11.838Z | RUNNING | Q002 | SUCCESS | SUCCESS | {"failed":0,"interrupted":0,"pending":5,"running":0,"success":2,"total":7} | 
2026-09-02T12:01:22.106Z | RUNNING | Q002 | SUCCESS | SUCCESS | {"failed":0,"interrupted":0,"pending":5,"running":0,"success":2,"total":7} | 
2026-09-02T12:01:32.370Z | RUNNING | Q002 | SUCCESS | SUCCESS | {"failed":0,"interrupted":0,"pending":5,"running":0,"success":2,"total":7} | 
2026-09-02T12:01:42.639Z | RUNNING | Q002 | SUCCESS | SUCCESS | {"failed":0,"interrupted":0,"pending":5,"running":0,"success":2,"total":7} | 
2026-09-02T12:01:52.899Z | RUNNING | Q002 | SUCCESS | SUCCESS | {"failed":0,"interrupted":0,"pending":5,"running":0,"success":2,"total":7} | 
2026-09-02T12:02:03.184Z | RUNNING | Q002 | SUCCESS | SUCCESS | {"failed":0,"interrupted":0,"pending":5,"running":0,"success":2,"total":7} | 
2026-09-02T12:02:13.440Z | RUNNING | Q002 | SUCCESS | SUCCESS | {"failed":0,"interrupted":0,"pending":5,"running":0,"success":2,"total":7} | 
2026-09-02T12:02:23.711Z | RUNNING | Q002 | SUCCESS | SUCCESS | {"failed":0,"interrupted":0,"pending":5,"running":0,"success":2,"total":7} | 
2026-09-02T12:02:33.958Z | RUNNING | Q002 | SUCCESS | SUCCESS | {"failed":0,"interrupted":0,"pending":5,"running":0,"success":2,"total":7} | 
2026-09-02T12:02:44.216Z | RUNNING | Q002 | SUCCESS | SUCCESS | {"failed":0,"interrupted":0,"pending":5,"running":0,"success":2,"total":7} | 
2026-09-02T12:02:54.496Z | RUNNING | Q002 | SUCCESS | SUCCESS | {"failed":0,"interrupted":0,"pending":5,"running":0,"success":2,"total":7} | 
2026-09-02T12:03:04.789Z | RUNNING | Q002 | SUCCESS | SUCCESS | {"failed":0,"interrupted":0,"pending":5,"running":0,"success":2,"total":7} | 
2026-09-02T12:03:15.054Z | RUNNING | Q002 | SUCCESS | SUCCESS | {"failed":0,"interrupted":0,"pending":5,"running":0,"success":2,"total":7} | 
2026-09-02T12:03:25.318Z | RUNNING | Q002 | SUCCESS | SUCCESS | {"failed":0,"interrupted":0,"pending":5,"running":0,"success":2,"total":7} | 
2026-09-02T12:03:35.569Z | RUNNING | Q002 | SUCCESS | SUCCESS | {"failed":0,"interrupted":0,"pending":5,"running":0,"success":2,"total":7} | 
2026-09-02T12:03:45.837Z | RUNNING | Q002 | SUCCESS | SUCCESS | {"failed":0,"interrupted":0,"pending":5,"running":0,"success":2,"total":7} | 
2026-09-02T12:03:56.099Z | RUNNING | Q002 | SUCCESS | SUCCESS | {"failed":0,"interrupted":0,"pending":5,"running":0,"success":2,"total":7} | 
2026-09-02T12:04:06.394Z | RUNNING | Q002 | SUCCESS | SUCCESS | {"failed":0,"interrupted":0,"pending":5,"running":0,"success":2,"total":7} | 
2026-09-02T12:04:16.674Z | RUNNING | Q002 | SUCCESS | SUCCESS | {"failed":0,"interrupted":0,"pending":5,"running":0,"success":2,"total":7} | 
2026-09-02T12:04:26.953Z | RUNNING | Q002 | SUCCESS | SUCCESS | {"failed":0,"interrupted":0,"pending":5,"running":0,"success":2,"total":7} | 
2026-09-02T12:04:37.234Z | RUNNING | Q002 | SUCCESS | SUCCESS | {"failed":0,"interrupted":0,"pending":5,"running":0,"success":2,"total":7} | 
2026-09-02T12:04:47.502Z | RUNNING | Q002 | SUCCESS | SUCCESS | {"failed":0,"interrupted":0,"pending":5,"running":0,"success":2,"total":7} | 
2026-09-02T12:04:57.788Z | RUNNING | Q002 | SUCCESS | SUCCESS | {"failed":0,"interrupted":0,"pending":5,"running":0,"success":2,"total":7} | 
2026-09-02T12:05:08.090Z | RUNNING | Q002 | SUCCESS | SUCCESS | {"failed":0,"interrupted":0,"pending":5,"running":0,"success":2,"total":7} | 
2026-09-02T12:05:18.414Z | RUNNING | Q002 | SUCCESS | SUCCESS | {"failed":0,"interrupted":0,"pending":5,"running":0,"success":2,"total":7} | 
2026-09-02T12:05:28.727Z | RUNNING | Q002 | SUCCESS | SUCCESS | {"failed":0,"interrupted":0,"pending":5,"running":0,"success":2,"total":7} | 
2026-09-02T12:05:38.977Z | RUNNING | Q002 | SUCCESS | SUCCESS | {"failed":0,"interrupted":0,"pending":5,"running":0,"success":2,"total":7} | 
2026-09-02T12:05:49.282Z | RUNNING | Q002 | SUCCESS | SUCCESS | {"failed":0,"interrupted":0,"pending":5,"running":0,"success":2,"total":7} | 
2026-09-02T12:05:59.600Z | RUNNING | Q002 | SUCCESS | SUCCESS | {"failed":0,"interrupted":0,"pending":5,"running":0,"success":2,"total":7} | 
2026-09-02T12:06:09.871Z | RUNNING | Q002 | SUCCESS | SUCCESS | {"failed":0,"interrupted":0,"pending":5,"running":0,"success":2,"total":7} | 
2026-09-02T12:06:20.152Z | RUNNING | Q003 | PRE_SUBMIT | WAITING_READY | {"failed":0,"interrupted":0,"pending":4,"running":1,"success":2,"total":7} | 
2026-09-02T12:06:30.407Z | RUNNING | Q003 | PRE_SUBMIT | SENDING | {"failed":0,"interrupted":0,"pending":4,"running":1,"success":2,"total":7} | 
2026-09-02T12:06:40.679Z | RUNNING | Q003 | PRE_SUBMIT | SENDING | {"failed":0,"interrupted":0,"pending":4,"running":1,"success":2,"total":7} | 
2026-09-02T12:06:50.950Z | RUNNING | Q003 | PRE_SUBMIT | SENDING | {"failed":0,"interrupted":0,"pending":4,"running":1,"success":2,"total":7} | 
2026-09-02T12:07:01.264Z | RUNNING | Q003 | PRE_SUBMIT | SENDING | {"failed":0,"interrupted":0,"pending":4,"running":1,"success":2,"total":7} | 
2026-09-02T12:07:11.566Z | RUNNING | Q003 | PRE_SUBMIT | SENDING | {"failed":0,"interrupted":0,"pending":4,"running":1,"success":2,"total":7} | 
2026-09-02T12:07:21.857Z | RUNNING | Q003 | PRE_SUBMIT | GENERATING | {"failed":0,"interrupted":0,"pending":4,"running":1,"success":2,"total":7} | 
2026-09-02T12:07:32.180Z | RUNNING | Q003 | PRE_SUBMIT | GENERATING | {"failed":0,"interrupted":0,"pending":4,"running":1,"success":2,"total":7} | 
2026-09-02T12:07:42.477Z | RUNNING | Q003 | PRE_SUBMIT | GENERATING | {"failed":0,"interrupted":0,"pending":4,"running":1,"success":2,"total":7} | 
2026-09-02T12:07:52.748Z | RUNNING | Q003 | OUTPUT_SAVED | FINALIZING / WAITING_IDLE | {"failed":0,"interrupted":0,"pending":4,"running":1,"success":2,"total":7} | 
2026-09-02T12:08:03.003Z | RUNNING | Q003 | SUCCESS | SUCCESS | {"failed":0,"interrupted":0,"pending":4,"running":0,"success":3,"total":7} | 
2026-09-02T12:08:13.280Z | RUNNING | Q003 | SUCCESS | SUCCESS | {"failed":0,"interrupted":0,"pending":4,"running":0,"success":3,"total":7} | 
2026-09-02T12:08:23.575Z | RUNNING | Q003 | SUCCESS | SUCCESS | {"failed":0,"interrupted":0,"pending":4,"running":0,"success":3,"total":7} | 
2026-09-02T12:08:33.869Z | RUNNING | Q003 | SUCCESS | SUCCESS | {"failed":0,"interrupted":0,"pending":4,"running":0,"success":3,"total":7} | 
2026-09-02T12:08:44.127Z | RUNNING | Q003 | SUCCESS | SUCCESS | {"failed":0,"interrupted":0,"pending":4,"running":0,"success":3,"total":7} | 
2026-09-02T12:08:54.384Z | RUNNING | Q003 | SUCCESS | SUCCESS | {"failed":0,"interrupted":0,"pending":4,"running":0,"success":3,"total":7} | 
2026-09-02T12:09:04.669Z | RUNNING | Q003 | SUCCESS | SUCCESS | {"failed":0,"interrupted":0,"pending":4,"running":0,"success":3,"total":7} | 
2026-09-02T12:09:14.940Z | RUNNING | Q003 | SUCCESS | SUCCESS | {"failed":0,"interrupted":0,"pending":4,"running":0,"success":3,"total":7} | 
2026-09-02T12:09:25.226Z | RUNNING | Q003 | SUCCESS | SUCCESS | {"failed":0,"interrupted":0,"pending":4,"running":0,"success":3,"total":7} | 
2026-09-02T12:09:35.492Z | RUNNING | Q003 | SUCCESS | SUCCESS | {"failed":0,"interrupted":0,"pending":4,"running":0,"success":3,"total":7} | 
2026-09-02T12:09:45.795Z | RUNNING | Q003 | SUCCESS | SUCCESS | {"failed":0,"interrupted":0,"pending":4,"running":0,"success":3,"total":7} | 
2026-09-02T12:09:56.068Z | RUNNING | Q003 | SUCCESS | SUCCESS | {"failed":0,"interrupted":0,"pending":4,"running":0,"success":3,"total":7} | 
2026-09-02T12:10:06.341Z | RUNNING | Q003 | SUCCESS | SUCCESS | {"failed":0,"interrupted":0,"pending":4,"running":0,"success":3,"total":7} | 
2026-09-02T12:10:16.618Z | RUNNING | Q004 | PRE_SUBMIT | WAITING_READY | {"failed":0,"interrupted":0,"pending":3,"running":1,"success":3,"total":7} | 
2026-09-02T12:10:26.911Z | RUNNING | Q004 | PRE_SUBMIT | SENDING | {"failed":0,"interrupted":0,"pending":3,"running":1,"success":3,"total":7} | 
2026-09-02T12:10:37.204Z | RUNNING | Q004 | PRE_SUBMIT | SENDING | {"failed":0,"interrupted":0,"pending":3,"running":1,"success":3,"total":7} | 
2026-09-02T12:10:47.522Z | RUNNING | Q004 | PRE_SUBMIT | SENDING | {"failed":0,"interrupted":0,"pending":3,"running":1,"success":3,"total":7} | 
2026-09-02T12:10:57.801Z | RUNNING | Q004 | PRE_SUBMIT | SENDING | {"failed":0,"interrupted":0,"pending":3,"running":1,"success":3,"total":7} | 
2026-09-02T12:11:08.077Z | RUNNING | Q004 | PRE_SUBMIT | SENDING | {"failed":0,"interrupted":0,"pending":3,"running":1,"success":3,"total":7} | 
2026-09-02T12:11:18.354Z | RUNNING | Q004 | PRE_SUBMIT | SENDING | {"failed":0,"interrupted":0,"pending":3,"running":1,"success":3,"total":7} | 
2026-09-02T12:11:28.605Z | RUNNING | Q004 | PRE_SUBMIT | SENDING | {"failed":0,"interrupted":0,"pending":3,"running":1,"success":3,"total":7} | 
2026-09-02T12:11:38.888Z | RUNNING | Q004 | PRE_SUBMIT | SENDING | {"failed":0,"interrupted":0,"pending":3,"running":1,"success":3,"total":7} | 
2026-09-02T12:11:49.167Z | RUNNING | Q004 | PRE_SUBMIT | SENDING | {"failed":0,"interrupted":0,"pending":3,"running":1,"success":3,"total":7} | 
2026-09-02T12:11:59.437Z | RUNNING | Q004 | PRE_SUBMIT | SENDING | {"failed":0,"interrupted":0,"pending":3,"running":1,"success":3,"total":7} | 
2026-09-02T12:12:09.730Z | RUNNING | Q004 | PRE_SUBMIT | SENDING | {"failed":0,"interrupted":0,"pending":3,"running":1,"success":3,"total":7} | 
2026-09-02T12:12:19.995Z | RUNNING | Q004 | PRE_SUBMIT | SENDING | {"failed":0,"interrupted":0,"pending":3,"running":1,"success":3,"total":7} | 
2026-09-02T12:12:30.249Z | RUNNING | Q004 | PRE_SUBMIT | SENDING | {"failed":0,"interrupted":0,"pending":3,"running":1,"success":3,"total":7} | 
2026-09-02T12:12:40.562Z | RUNNING | Q004 | PRE_SUBMIT | SENDING | {"failed":0,"interrupted":0,"pending":3,"running":1,"success":3,"total":7} | 
2026-09-02T12:12:50.867Z | RUNNING | Q004 | PRE_SUBMIT | GENERATING | {"failed":0,"interrupted":0,"pending":3,"running":1,"success":3,"total":7} | 
2026-09-02T12:13:01.137Z | RUNNING | Q004 | PRE_SUBMIT | GENERATING | {"failed":0,"interrupted":0,"pending":3,"running":1,"success":3,"total":7} | 
2026-09-02T12:13:11.409Z | RUNNING | Q004 | PRE_SUBMIT | GENERATING | {"failed":0,"interrupted":0,"pending":3,"running":1,"success":3,"total":7} | 
2026-09-02T12:13:21.722Z | RUNNING | Q004 | PRE_SUBMIT | GENERATING | {"failed":0,"interrupted":0,"pending":3,"running":1,"success":3,"total":7} | 
2026-09-02T12:13:32.026Z | RUNNING | Q004 | PRE_SUBMIT | GENERATING | {"failed":0,"interrupted":0,"pending":3,"running":1,"success":3,"total":7} | 
2026-09-02T12:13:42.323Z | RUNNING | Q004 | PRE_SUBMIT | GENERATING | {"failed":0,"interrupted":0,"pending":3,"running":1,"success":3,"total":7} | 
2026-09-02T12:13:52.577Z | RUNNING | Q004 | PRE_SUBMIT | GENERATING | {"failed":0,"interrupted":0,"pending":3,"running":1,"success":3,"total":7} | 
2026-09-02T12:14:02.817Z | RUNNING | Q004 | PRE_SUBMIT | GENERATING | {"failed":0,"interrupted":0,"pending":3,"running":1,"success":3,"total":7} | 
2026-09-02T12:14:13.105Z | RUNNING | Q004 | PRE_SUBMIT | GENERATING | {"failed":0,"interrupted":0,"pending":3,"running":1,"success":3,"total":7} | 
2026-09-02T12:14:23.376Z | RUNNING | Q004 | PRE_SUBMIT | GENERATING | {"failed":0,"interrupted":0,"pending":3,"running":1,"success":3,"total":7} | 
2026-09-02T12:14:33.662Z | RUNNING | Q004 | PRE_SUBMIT | GENERATING | {"failed":0,"interrupted":0,"pending":3,"running":1,"success":3,"total":7} | 
2026-09-02T12:14:43.963Z | RUNNING | Q004 | PRE_SUBMIT | GENERATING | {"failed":0,"interrupted":0,"pending":3,"running":1,"success":3,"total":7} | 
2026-09-02T12:14:54.227Z | RUNNING | Q004 | PRE_SUBMIT | GENERATING | {"failed":0,"interrupted":0,"pending":3,"running":1,"success":3,"total":7} | 
2026-09-02T12:15:04.496Z | RUNNING | Q004 | PRE_SUBMIT | GENERATING | {"failed":0,"interrupted":0,"pending":3,"running":1,"success":3,"total":7} | 
2026-09-02T12:15:14.763Z | RUNNING | Q004 | PRE_SUBMIT | GENERATING | {"failed":0,"interrupted":0,"pending":3,"running":1,"success":3,"total":7} | 
2026-09-02T12:15:25.014Z | RUNNING | Q004 | PRE_SUBMIT | GENERATING | {"failed":0,"interrupted":0,"pending":3,"running":1,"success":3,"total":7} | 
2026-09-02T12:15:35.311Z | RUNNING | Q004 | PRE_SUBMIT | GENERATING | {"failed":0,"interrupted":0,"pending":3,"running":1,"success":3,"total":7} | 
2026-09-02T12:15:45.596Z | RUNNING | Q004 | OUTPUT_SAVED | FINALIZING / WAITING_IDLE | {"failed":0,"interrupted":0,"pending":3,"running":1,"success":3,"total":7} | 
2026-09-02T12:15:55.880Z | RUNNING | Q004 | SUCCESS | SUCCESS | {"failed":0,"interrupted":0,"pending":3,"running":0,"success":4,"total":7} | 
2026-09-02T12:16:46.843Z | RUNNING | Q004 | SUCCESS | SUCCESS | {"failed":0,"interrupted":0,"pending":3,"running":0,"success":4,"total":7} | 
2026-09-02T12:16:57.165Z | RUNNING | Q004 | SUCCESS | SUCCESS | {"failed":0,"interrupted":0,"pending":3,"running":0,"success":4,"total":7} | 
2026-09-02T12:17:07.433Z | RUNNING | Q004 | SUCCESS | SUCCESS | {"failed":0,"interrupted":0,"pending":3,"running":0,"success":4,"total":7} | 
2026-09-02T12:17:17.712Z | RUNNING | Q004 | SUCCESS | SUCCESS | {"failed":0,"interrupted":0,"pending":3,"running":0,"success":4,"total":7} | 
2026-09-02T12:17:27.981Z | RUNNING | Q004 | SUCCESS | SUCCESS | {"failed":0,"interrupted":0,"pending":3,"running":0,"success":4,"total":7} | 
2026-09-02T12:17:38.256Z | RUNNING | Q004 | SUCCESS | SUCCESS | {"failed":0,"interrupted":0,"pending":3,"running":0,"success":4,"total":7} | 
2026-09-02T12:17:48.534Z | RUNNING | Q004 | SUCCESS | SUCCESS | {"failed":0,"interrupted":0,"pending":3,"running":0,"success":4,"total":7} | 
2026-09-02T12:17:58.808Z | RUNNING | Q004 | SUCCESS | SUCCESS | {"failed":0,"interrupted":0,"pending":3,"running":0,"success":4,"total":7} | 
2026-09-02T12:18:09.101Z | RUNNING | Q004 | SUCCESS | SUCCESS | {"failed":0,"interrupted":0,"pending":3,"running":0,"success":4,"total":7} | 
2026-09-02T12:18:19.364Z | RUNNING | Q004 | SUCCESS | SUCCESS | {"failed":0,"interrupted":0,"pending":3,"running":0,"success":4,"total":7} | 
2026-09-02T12:18:29.644Z | RUNNING | Q004 | SUCCESS | SUCCESS | {"failed":0,"interrupted":0,"pending":3,"running":0,"success":4,"total":7} | 
2026-09-02T12:18:39.906Z | RUNNING | Q004 | SUCCESS | SUCCESS | {"failed":0,"interrupted":0,"pending":3,"running":0,"success":4,"total":7} | 
2026-09-02T12:18:50.176Z | RUNNING | Q004 | SUCCESS | SUCCESS | {"failed":0,"interrupted":0,"pending":3,"running":0,"success":4,"total":7} | 
2026-09-02T12:19:00.462Z | RUNNING | Q004 | SUCCESS | SUCCESS | {"failed":0,"interrupted":0,"pending":3,"running":0,"success":4,"total":7} | 
2026-09-02T12:19:10.751Z | RUNNING | Q004 | SUCCESS | SUCCESS | {"failed":0,"interrupted":0,"pending":3,"running":0,"success":4,"total":7} | 
2026-09-02T12:19:21.026Z | RUNNING | Q004 | SUCCESS | SUCCESS | {"failed":0,"interrupted":0,"pending":3,"running":0,"success":4,"total":7} | 
2026-09-02T12:19:31.300Z | RUNNING | Q004 | SUCCESS | SUCCESS | {"failed":0,"interrupted":0,"pending":3,"running":0,"success":4,"total":7} | 
2026-09-02T12:19:41.584Z | RUNNING | Q004 | SUCCESS | SUCCESS | {"failed":0,"interrupted":0,"pending":3,"running":0,"success":4,"total":7} | 
2026-09-02T12:19:51.862Z | RUNNING | Q004 | SUCCESS | SUCCESS | {"failed":0,"interrupted":0,"pending":3,"running":0,"success":4,"total":7} | 
2026-09-02T12:20:02.117Z | RUNNING | Q004 | SUCCESS | SUCCESS | {"failed":0,"interrupted":0,"pending":3,"running":0,"success":4,"total":7} | 
2026-09-02T12:20:12.384Z | RUNNING | Q004 | SUCCESS | SUCCESS | {"failed":0,"interrupted":0,"pending":3,"running":0,"success":4,"total":7} | 
2026-09-02T12:20:22.644Z | RUNNING | Q004 | SUCCESS | SUCCESS | {"failed":0,"interrupted":0,"pending":3,"running":0,"success":4,"total":7} | 
2026-09-02T12:20:32.924Z | RUNNING | Q004 | SUCCESS | SUCCESS | {"failed":0,"interrupted":0,"pending":3,"running":0,"success":4,"total":7} | 
2026-09-02T12:20:43.188Z | RUNNING | Q004 | SUCCESS | SUCCESS | {"failed":0,"interrupted":0,"pending":3,"running":0,"success":4,"total":7} | 
2026-09-02T12:20:53.466Z | RUNNING | Q004 | SUCCESS | SUCCESS | {"failed":0,"interrupted":0,"pending":3,"running":0,"success":4,"total":7} | 
2026-09-02T12:21:03.735Z | RUNNING | Q004 | SUCCESS | SUCCESS | {"failed":0,"interrupted":0,"pending":3,"running":0,"success":4,"total":7} | 
2026-09-02T12:21:14.009Z | RUNNING | Q004 | SUCCESS | SUCCESS | {"failed":0,"interrupted":0,"pending":3,"running":0,"success":4,"total":7} | 
2026-09-02T12:21:24.283Z | RUNNING | Q004 | SUCCESS | SUCCESS | {"failed":0,"interrupted":0,"pending":3,"running":0,"success":4,"total":7} | 
2026-09-02T12:21:34.563Z | RUNNING | Q004 | SUCCESS | SUCCESS | {"failed":0,"interrupted":0,"pending":3,"running":0,"success":4,"total":7} | 
2026-09-02T12:21:44.840Z | RUNNING | Q004 | SUCCESS | SUCCESS | {"failed":0,"interrupted":0,"pending":3,"running":0,"success":4,"total":7} | 
2026-09-02T12:21:55.104Z | RUNNING | Q004 | SUCCESS | SUCCESS | {"failed":0,"interrupted":0,"pending":3,"running":0,"success":4,"total":7} | 
2026-09-02T12:22:05.395Z | RUNNING | Q004 | SUCCESS | SUCCESS | {"failed":0,"interrupted":0,"pending":3,"running":0,"success":4,"total":7} | 
2026-09-02T12:22:15.666Z | RUNNING | Q004 | SUCCESS | SUCCESS | {"failed":0,"interrupted":0,"pending":3,"running":0,"success":4,"total":7} | 
2026-09-02T12:22:25.923Z | RUNNING | Q004 | SUCCESS | SUCCESS | {"failed":0,"interrupted":0,"pending":3,"running":0,"success":4,"total":7} | 
2026-09-02T12:22:36.195Z | RUNNING | Q004 | SUCCESS | SUCCESS | {"failed":0,"interrupted":0,"pending":3,"running":0,"success":4,"total":7} | 
2026-09-02T12:22:46.457Z | RUNNING | Q004 | SUCCESS | SUCCESS | {"failed":0,"interrupted":0,"pending":3,"running":0,"success":4,"total":7} | 
2026-09-02T12:22:56.730Z | RUNNING | Q004 | SUCCESS | SUCCESS | {"failed":0,"interrupted":0,"pending":3,"running":0,"success":4,"total":7} | 
2026-09-02T12:23:07.023Z | RUNNING | Q004 | SUCCESS | SUCCESS | {"failed":0,"interrupted":0,"pending":3,"running":0,"success":4,"total":7} | 
2026-09-02T12:23:17.304Z | RUNNING | Q004 | SUCCESS | SUCCESS | {"failed":0,"interrupted":0,"pending":3,"running":0,"success":4,"total":7} | 
2026-09-02T12:23:27.576Z | RUNNING | Q004 | SUCCESS | SUCCESS | {"failed":0,"interrupted":0,"pending":3,"running":0,"success":4,"total":7} | 
2026-09-02T12:23:37.844Z | RUNNING | Q004 | SUCCESS | SUCCESS | {"failed":0,"interrupted":0,"pending":3,"running":0,"success":4,"total":7} | 
2026-09-02T12:23:48.131Z | RUNNING | Q004 | SUCCESS | SUCCESS | {"failed":0,"interrupted":0,"pending":3,"running":0,"success":4,"total":7} | 
2026-09-02T12:23:58.389Z | RUNNING | Q004 | SUCCESS | SUCCESS | {"failed":0,"interrupted":0,"pending":3,"running":0,"success":4,"total":7} | 
2026-09-02T12:24:08.674Z | RUNNING | Q004 | SUCCESS | SUCCESS | {"failed":0,"interrupted":0,"pending":3,"running":0,"success":4,"total":7} | 
2026-09-02T12:24:18.929Z | RUNNING | Q004 | SUCCESS | SUCCESS | {"failed":0,"interrupted":0,"pending":3,"running":0,"success":4,"total":7} | 
2026-09-02T12:24:29.202Z | RUNNING | Q004 | SUCCESS | SUCCESS | {"failed":0,"interrupted":0,"pending":3,"running":0,"success":4,"total":7} | 
2026-09-02T12:24:39.513Z | RUNNING | Q004 | SUCCESS | SUCCESS | {"failed":0,"interrupted":0,"pending":3,"running":0,"success":4,"total":7} | 
2026-09-02T12:24:49.761Z | RUNNING | Q004 | SUCCESS | SUCCESS | {"failed":0,"interrupted":0,"pending":3,"running":0,"success":4,"total":7} | 
2026-09-02T12:25:00.041Z | RUNNING | Q004 | SUCCESS | SUCCESS | {"failed":0,"interrupted":0,"pending":3,"running":0,"success":4,"total":7} | 
2026-09-02T12:25:10.325Z | RUNNING | Q004 | SUCCESS | SUCCESS | {"failed":0,"interrupted":0,"pending":3,"running":0,"success":4,"total":7} | 
2026-09-02T12:25:20.602Z | RUNNING | Q004 | SUCCESS | SUCCESS | {"failed":0,"interrupted":0,"pending":3,"running":0,"success":4,"total":7} | 
2026-09-02T12:25:30.862Z | RUNNING | Q004 | SUCCESS | SUCCESS | {"failed":0,"interrupted":0,"pending":3,"running":0,"success":4,"total":7} | 
2026-09-02T12:25:41.141Z | RUNNING | Q004 | SUCCESS | SUCCESS | {"failed":0,"interrupted":0,"pending":3,"running":0,"success":4,"total":7} | 
2026-09-02T12:25:51.410Z | RUNNING | Q004 | SUCCESS | SUCCESS | {"failed":0,"interrupted":0,"pending":3,"running":0,"success":4,"total":7} | 
2026-09-02T12:26:01.682Z | RUNNING | Q004 | SUCCESS | SUCCESS | {"failed":0,"interrupted":0,"pending":3,"running":0,"success":4,"total":7} | 
2026-09-02T12:26:11.965Z | RUNNING | Q004 | SUCCESS | SUCCESS | {"failed":0,"interrupted":0,"pending":3,"running":0,"success":4,"total":7} | 
2026-09-02T12:26:22.255Z | RUNNING | Q004 | SUCCESS | SUCCESS | {"failed":0,"interrupted":0,"pending":3,"running":0,"success":4,"total":7} | 
2026-09-02T12:26:32.517Z | RUNNING | Q004 | SUCCESS | SUCCESS | {"failed":0,"interrupted":0,"pending":3,"running":0,"success":4,"total":7} | 
2026-09-02T12:26:42.780Z | RUNNING | Q004 | SUCCESS | SUCCESS | {"failed":0,"interrupted":0,"pending":3,"running":0,"success":4,"total":7} | 
2026-09-02T12:26:53.056Z | RUNNING | Q004 | SUCCESS | SUCCESS | {"failed":0,"interrupted":0,"pending":3,"running":0,"success":4,"total":7} | 
2026-09-02T12:27:03.339Z | RUNNING | Q004 | SUCCESS | SUCCESS | {"failed":0,"interrupted":0,"pending":3,"running":0,"success":4,"total":7} | 
2026-09-02T12:27:13.592Z | RUNNING | Q004 | SUCCESS | SUCCESS | {"failed":0,"interrupted":0,"pending":3,"running":0,"success":4,"total":7} | 
2026-09-02T12:27:23.862Z | RUNNING | Q004 | SUCCESS | SUCCESS | {"failed":0,"interrupted":0,"pending":3,"running":0,"success":4,"total":7} | 
2026-09-02T12:27:34.107Z | RUNNING | Q004 | SUCCESS | SUCCESS | {"failed":0,"interrupted":0,"pending":3,"running":0,"success":4,"total":7} | 
2026-09-02T12:27:44.402Z | RUNNING | Q004 | SUCCESS | SUCCESS | {"failed":0,"interrupted":0,"pending":3,"running":0,"success":4,"total":7} | 
2026-09-02T12:27:54.680Z | RUNNING | Q004 | SUCCESS | SUCCESS | {"failed":0,"interrupted":0,"pending":3,"running":0,"success":4,"total":7} | 
2026-09-02T12:28:04.949Z | RUNNING | Q004 | SUCCESS | SUCCESS | {"failed":0,"interrupted":0,"pending":3,"running":0,"success":4,"total":7} | 
2026-09-02T12:28:15.208Z | RUNNING | Q004 | SUCCESS | SUCCESS | {"failed":0,"interrupted":0,"pending":3,"running":0,"success":4,"total":7} | 
2026-09-02T12:28:25.491Z | RUNNING | Q004 | SUCCESS | SUCCESS | {"failed":0,"interrupted":0,"pending":3,"running":0,"success":4,"total":7} | 
2026-09-02T12:28:35.753Z | RUNNING | Q004 | SUCCESS | SUCCESS | {"failed":0,"interrupted":0,"pending":3,"running":0,"success":4,"total":7} | 
2026-09-02T12:28:46.010Z | RUNNING | Q004 | SUCCESS | SUCCESS | {"failed":0,"interrupted":0,"pending":3,"running":0,"success":4,"total":7} | 
2026-09-02T12:28:56.291Z | RUNNING | Q004 | SUCCESS | SUCCESS | {"failed":0,"interrupted":0,"pending":3,"running":0,"success":4,"total":7} | 
2026-09-02T12:29:06.550Z | RUNNING | Q004 | SUCCESS | SUCCESS | {"failed":0,"interrupted":0,"pending":3,"running":0,"success":4,"total":7} | 
2026-09-02T12:29:16.814Z | RUNNING | Q004 | SUCCESS | SUCCESS | {"failed":0,"interrupted":0,"pending":3,"running":0,"success":4,"total":7} | 
2026-09-02T12:29:27.094Z | RUNNING | Q004 | SUCCESS | SUCCESS | {"failed":0,"interrupted":0,"pending":3,"running":0,"success":4,"total":7} | 
2026-09-02T12:29:37.394Z | RUNNING | Q004 | SUCCESS | SUCCESS | {"failed":0,"interrupted":0,"pending":3,"running":0,"success":4,"total":7} | 
2026-09-02T12:29:47.644Z | RUNNING | Q004 | SUCCESS | SUCCESS | {"failed":0,"interrupted":0,"pending":3,"running":0,"success":4,"total":7} | 
2026-09-02T12:29:57.945Z | RUNNING | Q004 | SUCCESS | SUCCESS | {"failed":0,"interrupted":0,"pending":3,"running":0,"success":4,"total":7} | 
2026-09-02T12:30:08.217Z | RUNNING | Q004 | SUCCESS | SUCCESS | {"failed":0,"interrupted":0,"pending":3,"running":0,"success":4,"total":7} | 
2026-09-02T12:30:18.486Z | RUNNING | Q004 | SUCCESS | SUCCESS | {"failed":0,"interrupted":0,"pending":3,"running":0,"success":4,"total":7} | 
2026-09-02T12:30:28.733Z | RUNNING | Q004 | SUCCESS | SUCCESS | {"failed":0,"interrupted":0,"pending":3,"running":0,"success":4,"total":7} | 
2026-09-02T12:30:39.009Z | RUNNING | Q004 | SUCCESS | SUCCESS | {"failed":0,"interrupted":0,"pending":3,"running":0,"success":4,"total":7} | 
2026-09-02T12:30:49.286Z | RUNNING | Q004 | SUCCESS | SUCCESS | {"failed":0,"interrupted":0,"pending":3,"running":0,"success":4,"total":7} | 
2026-09-02T12:30:59.559Z | RUNNING | Q004 | SUCCESS | SUCCESS | {"failed":0,"interrupted":0,"pending":3,"running":0,"success":4,"total":7} | 
2026-09-02T12:31:09.856Z | RUNNING | Q004 | SUCCESS | SUCCESS | {"failed":0,"interrupted":0,"pending":3,"running":0,"success":4,"total":7} | 
2026-09-02T12:31:20.112Z | RUNNING | Q004 | SUCCESS | SUCCESS | {"failed":0,"interrupted":0,"pending":3,"running":0,"success":4,"total":7} | 
2026-09-02T12:31:30.380Z | RUNNING | Q004 | SUCCESS | SUCCESS | {"failed":0,"interrupted":0,"pending":3,"running":0,"success":4,"total":7} | 
2026-09-02T12:31:40.645Z | RUNNING | Q004 | SUCCESS | SUCCESS | {"failed":0,"interrupted":0,"pending":3,"running":0,"success":4,"total":7} | 
2026-09-02T12:31:50.902Z | RUNNING | Q004 | SUCCESS | SUCCESS | {"failed":0,"interrupted":0,"pending":3,"running":0,"success":4,"total":7} | 
2026-09-02T12:32:01.176Z | RUNNING | Q004 | SUCCESS | SUCCESS | {"failed":0,"interrupted":0,"pending":3,"running":0,"success":4,"total":7} | 
2026-09-02T12:32:11.465Z | RUNNING | Q004 | SUCCESS | SUCCESS | {"failed":0,"interrupted":0,"pending":3,"running":0,"success":4,"total":7} | 
2026-09-02T12:32:21.737Z | RUNNING | Q004 | SUCCESS | SUCCESS | {"failed":0,"interrupted":0,"pending":3,"running":0,"success":4,"total":7} | 
2026-09-02T12:32:32.015Z | RUNNING | Q004 | SUCCESS | SUCCESS | {"failed":0,"interrupted":0,"pending":3,"running":0,"success":4,"total":7} | 
2026-09-02T12:32:42.280Z | RUNNING | Q004 | SUCCESS | SUCCESS | {"failed":0,"interrupted":0,"pending":3,"running":0,"success":4,"total":7} | 
2026-09-02T12:32:52.556Z | RUNNING | Q004 | SUCCESS | SUCCESS | {"failed":0,"interrupted":0,"pending":3,"running":0,"success":4,"total":7} | 
2026-09-02T12:33:02.812Z | RUNNING | Q004 | SUCCESS | SUCCESS | {"failed":0,"interrupted":0,"pending":3,"running":0,"success":4,"total":7} | 
2026-09-02T12:33:13.097Z | RUNNING | Q004 | SUCCESS | SUCCESS | {"failed":0,"interrupted":0,"pending":3,"running":0,"success":4,"total":7} | 
2026-09-02T12:33:23.363Z | RUNNING | Q004 | SUCCESS | SUCCESS | {"failed":0,"interrupted":0,"pending":3,"running":0,"success":4,"total":7} | 
2026-09-02T12:33:33.649Z | RUNNING | Q004 | SUCCESS | SUCCESS | {"failed":0,"interrupted":0,"pending":3,"running":0,"success":4,"total":7} | 
2026-09-02T12:33:43.927Z | RUNNING | Q004 | SUCCESS | SUCCESS | {"failed":0,"interrupted":0,"pending":3,"running":0,"success":4,"total":7} | 
2026-09-02T12:33:54.211Z | RUNNING | Q004 | SUCCESS | SUCCESS | {"failed":0,"interrupted":0,"pending":3,"running":0,"success":4,"total":7} | 
2026-09-02T12:34:04.500Z | RUNNING | Q004 | SUCCESS | SUCCESS | {"failed":0,"interrupted":0,"pending":3,"running":0,"success":4,"total":7} | 
2026-09-02T12:34:14.768Z | RUNNING | Q004 | SUCCESS | SUCCESS | {"failed":0,"interrupted":0,"pending":3,"running":0,"success":4,"total":7} | 
2026-09-02T12:34:25.072Z | RUNNING | Q004 | SUCCESS | SUCCESS | {"failed":0,"interrupted":0,"pending":3,"running":0,"success":4,"total":7} | 
2026-09-02T12:34:35.353Z | RUNNING | Q004 | SUCCESS | SUCCESS | {"failed":0,"interrupted":0,"pending":3,"running":0,"success":4,"total":7} | 
2026-09-02T12:34:45.626Z | RUNNING | Q004 | SUCCESS | SUCCESS | {"failed":0,"interrupted":0,"pending":3,"running":0,"success":4,"total":7} | 
2026-09-02T12:34:55.906Z | RUNNING | Q004 | SUCCESS | SUCCESS | {"failed":0,"interrupted":0,"pending":3,"running":0,"success":4,"total":7} | 
2026-09-02T12:35:06.172Z | RUNNING | Q004 | SUCCESS | SUCCESS | {"failed":0,"interrupted":0,"pending":3,"running":0,"success":4,"total":7} | 
2026-09-02T12:35:16.425Z | RUNNING | Q004 | SUCCESS | SUCCESS | {"failed":0,"interrupted":0,"pending":3,"running":0,"success":4,"total":7} | 
2026-09-02T12:35:26.689Z | RUNNING | Q004 | SUCCESS | SUCCESS | {"failed":0,"interrupted":0,"pending":3,"running":0,"success":4,"total":7} | 
2026-09-02T12:35:36.936Z | RUNNING | Q004 | SUCCESS | SUCCESS | {"failed":0,"interrupted":0,"pending":3,"running":0,"success":4,"total":7} | 
2026-09-02T12:35:47.203Z | RUNNING | Q004 | SUCCESS | SUCCESS | {"failed":0,"interrupted":0,"pending":3,"running":0,"success":4,"total":7} | 
2026-09-02T12:35:57.508Z | RUNNING | Q004 | SUCCESS | SUCCESS | {"failed":0,"interrupted":0,"pending":3,"running":0,"success":4,"total":7} | 
2026-09-02T12:36:07.772Z | RUNNING | Q004 | SUCCESS | SUCCESS | {"failed":0,"interrupted":0,"pending":3,"running":0,"success":4,"total":7} | 
2026-09-02T12:36:18.045Z | RUNNING | Q004 | SUCCESS | SUCCESS | {"failed":0,"interrupted":0,"pending":3,"running":0,"success":4,"total":7} | 
2026-09-02T12:36:28.335Z | RUNNING | Q004 | SUCCESS | SUCCESS | {"failed":0,"interrupted":0,"pending":3,"running":0,"success":4,"total":7} | 
2026-09-02T12:36:38.587Z | RUNNING | Q004 | SUCCESS | SUCCESS | {"failed":0,"interrupted":0,"pending":3,"running":0,"success":4,"total":7} | 
2026-09-02T12:36:48.849Z | RUNNING | Q004 | SUCCESS | SUCCESS | {"failed":0,"interrupted":0,"pending":3,"running":0,"success":4,"total":7} | 
2026-09-02T12:36:59.108Z | RUNNING | Q004 | SUCCESS | SUCCESS | {"failed":0,"interrupted":0,"pending":3,"running":0,"success":4,"total":7} | 
2026-09-02T12:37:09.391Z | RUNNING | Q004 | SUCCESS | SUCCESS | {"failed":0,"interrupted":0,"pending":3,"running":0,"success":4,"total":7} | 
