12:48:02 | RUNNING | Q001 | PRE_SUBMIT | SENDING | {"failed":0,"interrupted":0,"pending":2,"running":1,"success":0,"total":3}
12:48:12 | RUNNING | Q001 | PRE_SUBMIT | SENDING | {"failed":0,"interrupted":0,"pending":2,"running":1,"success":0,"total":3}
12:48:23 | RUNNING | Q001 | PRE_SUBMIT | SENDING | {"failed":0,"interrupted":0,"pending":2,"running":1,"success":0,"total":3}
12:48:33 | RUNNING | Q001 | PRE_SUBMIT | SENDING | {"failed":0,"interrupted":0,"pending":2,"running":1,"success":0,"total":3}
12:48:43 | RUNNING | Q001 | PRE_SUBMIT | SENDING | {"failed":0,"interrupted":0,"pending":2,"running":1,"success":0,"total":3}
12:48:54 | RUNNING | Q001 | PRE_SUBMIT | SENDING | {"failed":0,"interrupted":0,"pending":2,"running":1,"success":0,"total":3}
12:49:04 | RUNNING | Q001 | PRE_SUBMIT | SENDING | {"failed":0,"interrupted":0,"pending":2,"running":1,"success":0,"total":3}
12:49:14 | RUNNING | Q001 | PRE_SUBMIT | SENDING | {"failed":0,"interrupted":0,"pending":2,"running":1,"success":0,"total":3}
12:49:25 | RUNNING | Q001 | PRE_SUBMIT | SENDING | {"failed":0,"interrupted":0,"pending":2,"running":1,"success":0,"total":3}
12:49:35 | RUNNING | Q001 | PRE_SUBMIT | SENDING | {"failed":0,"interrupted":0,"pending":2,"running":1,"success":0,"total":3}
12:49:45 | RUNNING | Q001 | PRE_SUBMIT | GENERATING | {"failed":0,"interrupted":0,"pending":2,"running":1,"success":0,"total":3}
12:49:55 | RUNNING | Q001 | PRE_SUBMIT | GENERATING | {"failed":0,"interrupted":0,"pending":2,"running":1,"success":0,"total":3}
12:50:06 | RUNNING | Q001 | PRE_SUBMIT | GENERATING | {"failed":0,"interrupted":0,"pending":2,"running":1,"success":0,"total":3}
12:50:16 | RUNNING | Q001 | PRE_SUBMIT | GENERATING | {"failed":0,"interrupted":0,"pending":2,"running":1,"success":0,"total":3}
12:50:26 | RUNNING | Q001 | PRE_SUBMIT | GENERATING | {"failed":0,"interrupted":0,"pending":2,"running":1,"success":0,"total":3}
12:50:37 | RUNNING | Q001 | PRE_SUBMIT | GENERATING | {"failed":0,"interrupted":0,"pending":2,"running":1,"success":0,"total":3}
12:50:47 | RUNNING | Q001 | PRE_SUBMIT | GENERATING | {"failed":0,"interrupted":0,"pending":2,"running":1,"success":0,"total":3}
12:50:57 | RUNNING | Q001 | PRE_SUBMIT | GENERATING | {"failed":0,"interrupted":0,"pending":2,"running":1,"success":0,"total":3}
12:51:08 | RUNNING | Q001 | PRE_SUBMIT | GENERATING | {"failed":0,"interrupted":0,"pending":2,"running":1,"success":0,"total":3}
12:51:18 | RUNNING | Q001 | PRE_SUBMIT | GENERATING | {"failed":0,"interrupted":0,"pending":2,"running":1,"success":0,"total":3}
12:51:28 | RUNNING | Q001 | PRE_SUBMIT | GENERATING | {"failed":0,"interrupted":0,"pending":2,"running":1,"success":0,"total":3}
12:51:38 | RUNNING | Q001 | PRE_SUBMIT | GENERATING | {"failed":0,"interrupted":0,"pending":2,"running":1,"success":0,"total":3}
12:51:49 | RUNNING | Q001 | PRE_SUBMIT | GENERATING | {"failed":0,"interrupted":0,"pending":2,"running":1,"success":0,"total":3}
12:51:59 | RUNNING | Q001 | PRE_SUBMIT | GENERATING | {"failed":0,"interrupted":0,"pending":2,"running":1,"success":0,"total":3}
12:52:09 | RUNNING | Q001 | PRE_SUBMIT | GENERATING | {"failed":0,"interrupted":0,"pending":2,"running":1,"success":0,"total":3}
12:52:20 | RUNNING | Q001 | PRE_SUBMIT | GENERATING | {"failed":0,"interrupted":0,"pending":2,"running":1,"success":0,"total":3}
12:52:30 | RUNNING | Q001 | PRE_SUBMIT | GENERATING | {"failed":0,"interrupted":0,"pending":2,"running":1,"success":0,"total":3}
12:52:40 | RUNNING | Q001 | OUTPUT_SAVED | FINALIZING / WAITING_IDLE | {"failed":0,"interrupted":0,"pending":2,"running":1,"success":0,"total":3}
12:53:16 ~ RUNNING ~ Q001 ~ SUCCESS ~ SUCCESS ~ {"failed":0,"interrupted":0,"pending":2,"running":0,"success":1,"total":3}
12:53:26 ~ RUNNING ~ Q001 ~ SUCCESS ~ SUCCESS ~ {"failed":0,"interrupted":0,"pending":2,"running":0,"success":1,"total":3}
12:53:36 ~ RUNNING ~ Q001 ~ SUCCESS ~ SUCCESS ~ {"failed":0,"interrupted":0,"pending":2,"running":0,"success":1,"total":3}
12:53:47 ~ RUNNING ~ Q001 ~ SUCCESS ~ SUCCESS ~ {"failed":0,"interrupted":0,"pending":2,"running":0,"success":1,"total":3}
12:53:57 ~ RUNNING ~ Q001 ~ SUCCESS ~ SUCCESS ~ {"failed":0,"interrupted":0,"pending":2,"running":0,"success":1,"total":3}
12:54:08 ~ RUNNING ~ Q001 ~ SUCCESS ~ SUCCESS ~ {"failed":0,"interrupted":0,"pending":2,"running":0,"success":1,"total":3}
12:54:18 ~ RUNNING ~ Q001 ~ SUCCESS ~ SUCCESS ~ {"failed":0,"interrupted":0,"pending":2,"running":0,"success":1,"total":3}
12:54:28 ~ RUNNING ~ Q001 ~ SUCCESS ~ SUCCESS ~ {"failed":0,"interrupted":0,"pending":2,"running":0,"success":1,"total":3}
12:54:39 ~ RUNNING ~ Q001 ~ SUCCESS ~ SUCCESS ~ {"failed":0,"interrupted":0,"pending":2,"running":0,"success":1,"total":3}
12:54:49 ~ RUNNING ~ Q001 ~ SUCCESS ~ SUCCESS ~ {"failed":0,"interrupted":0,"pending":2,"running":0,"success":1,"total":3}
12:54:59 ~ RUNNING ~ Q001 ~ SUCCESS ~ SUCCESS ~ {"failed":0,"interrupted":0,"pending":2,"running":0,"success":1,"total":3}
12:55:10 ~ RUNNING ~ Q001 ~ SUCCESS ~ SUCCESS ~ {"failed":0,"interrupted":0,"pending":2,"running":0,"success":1,"total":3}
12:55:20 ~ RUNNING ~ Q001 ~ SUCCESS ~ SUCCESS ~ {"failed":0,"interrupted":0,"pending":2,"running":0,"success":1,"total":3}
12:55:30 ~ RUNNING ~ Q001 ~ SUCCESS ~ SUCCESS ~ {"failed":0,"interrupted":0,"pending":2,"running":0,"success":1,"total":3}
12:55:41 ~ RUNNING ~ Q001 ~ SUCCESS ~ SUCCESS ~ {"failed":0,"interrupted":0,"pending":2,"running":0,"success":1,"total":3}
12:55:51 ~ RUNNING ~ Q001 ~ SUCCESS ~ SUCCESS ~ {"failed":0,"interrupted":0,"pending":2,"running":0,"success":1,"total":3}
12:56:01 ~ RUNNING ~ Q001 ~ SUCCESS ~ SUCCESS ~ {"failed":0,"interrupted":0,"pending":2,"running":0,"success":1,"total":3}
12:56:12 ~ RUNNING ~ Q001 ~ SUCCESS ~ SUCCESS ~ {"failed":0,"interrupted":0,"pending":2,"running":0,"success":1,"total":3}
12:56:22 ~ RUNNING ~ Q001 ~ SUCCESS ~ SUCCESS ~ {"failed":0,"interrupted":0,"pending":2,"running":0,"success":1,"total":3}
12:56:32 ~ RUNNING ~ Q001 ~ SUCCESS ~ SUCCESS ~ {"failed":0,"interrupted":0,"pending":2,"running":0,"success":1,"total":3}
12:56:43 ~ RUNNING ~ Q001 ~ SUCCESS ~ SUCCESS ~ {"failed":0,"interrupted":0,"pending":2,"running":0,"success":1,"total":3}
12:56:53 ~ RUNNING ~ Q001 ~ SUCCESS ~ SUCCESS ~ {"failed":0,"interrupted":0,"pending":2,"running":0,"success":1,"total":3}
12:57:04 ~ RUNNING ~ Q001 ~ SUCCESS ~ SUCCESS ~ {"failed":0,"interrupted":0,"pending":2,"running":0,"success":1,"total":3}
12:57:14 ~ RUNNING ~ Q001 ~ SUCCESS ~ SUCCESS ~ {"failed":0,"interrupted":0,"pending":2,"running":0,"success":1,"total":3}
12:57:24 ~ RUNNING ~ Q001 ~ SUCCESS ~ SUCCESS ~ {"failed":0,"interrupted":0,"pending":2,"running":0,"success":1,"total":3}
13:00:54 ~ RUNNING ~ Q002 ~ PRE_SUBMIT ~ GENERATING ~ {"failed":0,"interrupted":0,"pending":1,"running":1,"success":1,"total":3}
13:01:04 ~ RUNNING ~ Q002 ~ PRE_SUBMIT ~ GENERATING ~ {"failed":0,"interrupted":0,"pending":1,"running":1,"success":1,"total":3}
13:01:14 ~ RUNNING ~ Q002 ~ PRE_SUBMIT ~ GENERATING ~ {"failed":0,"interrupted":0,"pending":1,"running":1,"success":1,"total":3}
13:01:25 ~ RUNNING ~ Q002 ~ PRE_SUBMIT ~ GENERATING ~ {"failed":0,"interrupted":0,"pending":1,"running":1,"success":1,"total":3}
13:01:35 ~ RUNNING ~ Q002 ~ PRE_SUBMIT ~ GENERATING ~ {"failed":0,"interrupted":0,"pending":1,"running":1,"success":1,"total":3}
13:01:46 ~ RUNNING ~ Q002 ~ PRE_SUBMIT ~ GENERATING ~ {"failed":0,"interrupted":0,"pending":1,"running":1,"success":1,"total":3}
13:01:56 ~ RUNNING ~ Q002 ~ PRE_SUBMIT ~ GENERATING ~ {"failed":0,"interrupted":0,"pending":1,"running":1,"success":1,"total":3}
13:02:06 ~ RUNNING ~ Q002 ~ PRE_SUBMIT ~ GENERATING ~ {"failed":0,"interrupted":0,"pending":1,"running":1,"success":1,"total":3}
13:02:17 ~ RUNNING ~ Q002 ~ PRE_SUBMIT ~ GENERATING ~ {"failed":0,"interrupted":0,"pending":1,"running":1,"success":1,"total":3}
13:02:27 ~ RUNNING ~ Q002 ~ PRE_SUBMIT ~ GENERATING ~ {"failed":0,"interrupted":0,"pending":1,"running":1,"success":1,"total":3}
13:02:37 ~ RUNNING ~ Q002 ~ PRE_SUBMIT ~ GENERATING ~ {"failed":0,"interrupted":0,"pending":1,"running":1,"success":1,"total":3}
13:02:48 ~ RUNNING ~ Q002 ~ PRE_SUBMIT ~ GENERATING ~ {"failed":0,"interrupted":0,"pending":1,"running":1,"success":1,"total":3}
13:02:58 ~ RUNNING ~ Q002 ~ PRE_SUBMIT ~ GENERATING ~ {"failed":0,"interrupted":0,"pending":1,"running":1,"success":1,"total":3}
13:03:08 ~ RUNNING ~ Q002 ~ PRE_SUBMIT ~ GENERATING ~ {"failed":0,"interrupted":0,"pending":1,"running":1,"success":1,"total":3}
13:03:19 ~ RUNNING ~ Q002 ~ PRE_SUBMIT ~ GENERATING ~ {"failed":0,"interrupted":0,"pending":1,"running":1,"success":1,"total":3}
13:03:29 ~ RUNNING ~ Q002 ~ PRE_SUBMIT ~ GENERATING ~ {"failed":0,"interrupted":0,"pending":1,"running":1,"success":1,"total":3}
13:03:39 ~ RUNNING ~ Q002 ~ PRE_SUBMIT ~ GENERATING ~ {"failed":0,"interrupted":0,"pending":1,"running":1,"success":1,"total":3}
13:03:50 ~ RUNNING ~ Q002 ~ SUCCESS ~ SUCCESS ~ {"failed":0,"interrupted":0,"pending":1,"running":0,"success":2,"total":3}
13:04:00 ~ RUNNING ~ Q002 ~ SUCCESS ~ SUCCESS ~ {"failed":0,"interrupted":0,"pending":1,"running":0,"success":2,"total":3}
13:04:11 ~ RUNNING ~ Q002 ~ SUCCESS ~ SUCCESS ~ {"failed":0,"interrupted":0,"pending":1,"running":0,"success":2,"total":3}
13:04:21 ~ RUNNING ~ Q002 ~ SUCCESS ~ SUCCESS ~ {"failed":0,"interrupted":0,"pending":1,"running":0,"success":2,"total":3}
13:04:31 ~ RUNNING ~ Q002 ~ SUCCESS ~ SUCCESS ~ {"failed":0,"interrupted":0,"pending":1,"running":0,"success":2,"total":3}
13:04:42 ~ RUNNING ~ Q002 ~ SUCCESS ~ SUCCESS ~ {"failed":0,"interrupted":0,"pending":1,"running":0,"success":2,"total":3}
13:04:52 ~ RUNNING ~ Q002 ~ SUCCESS ~ SUCCESS ~ {"failed":0,"interrupted":0,"pending":1,"running":0,"success":2,"total":3}
13:05:02 ~ RUNNING ~ Q002 ~ SUCCESS ~ SUCCESS ~ {"failed":0,"interrupted":0,"pending":1,"running":0,"success":2,"total":3}
13:05:13 ~ RUNNING ~ Q002 ~ SUCCESS ~ SUCCESS ~ {"failed":0,"interrupted":0,"pending":1,"running":0,"success":2,"total":3}
13:05:23 ~ RUNNING ~ Q002 ~ SUCCESS ~ SUCCESS ~ {"failed":0,"interrupted":0,"pending":1,"running":0,"success":2,"total":3}
13:05:33 ~ RUNNING ~ Q002 ~ SUCCESS ~ SUCCESS ~ {"failed":0,"interrupted":0,"pending":1,"running":0,"success":2,"total":3}
13:05:44 ~ RUNNING ~ Q002 ~ SUCCESS ~ SUCCESS ~ {"failed":0,"interrupted":0,"pending":1,"running":0,"success":2,"total":3}
13:05:54 ~ RUNNING ~ Q002 ~ SUCCESS ~ SUCCESS ~ {"failed":0,"interrupted":0,"pending":1,"running":0,"success":2,"total":3}
13:06:04 ~ RUNNING ~ Q002 ~ SUCCESS ~ SUCCESS ~ {"failed":0,"interrupted":0,"pending":1,"running":0,"success":2,"total":3}
13:06:15 ~ RUNNING ~ Q002 ~ SUCCESS ~ SUCCESS ~ {"failed":0,"interrupted":0,"pending":1,"running":0,"success":2,"total":3}
13:06:25 ~ RUNNING ~ Q002 ~ SUCCESS ~ SUCCESS ~ {"failed":0,"interrupted":0,"pending":1,"running":0,"success":2,"total":3}
13:06:35 ~ RUNNING ~ Q002 ~ SUCCESS ~ SUCCESS ~ {"failed":0,"interrupted":0,"pending":1,"running":0,"success":2,"total":3}
13:06:46 ~ RUNNING ~ Q002 ~ SUCCESS ~ SUCCESS ~ {"failed":0,"interrupted":0,"pending":1,"running":0,"success":2,"total":3}
13:06:56 ~ RUNNING ~ Q002 ~ SUCCESS ~ SUCCESS ~ {"failed":0,"interrupted":0,"pending":1,"running":0,"success":2,"total":3}
13:07:06 ~ RUNNING ~ Q002 ~ SUCCESS ~ SUCCESS ~ {"failed":0,"interrupted":0,"pending":1,"running":0,"success":2,"total":3}
13:07:17 ~ RUNNING ~ Q002 ~ SUCCESS ~ SUCCESS ~ {"failed":0,"interrupted":0,"pending":1,"running":0,"success":2,"total":3}
13:07:27 ~ RUNNING ~ Q002 ~ SUCCESS ~ SUCCESS ~ {"failed":0,"interrupted":0,"pending":1,"running":0,"success":2,"total":3}
13:07:37 ~ RUNNING ~ Q002 ~ SUCCESS ~ SUCCESS ~ {"failed":0,"interrupted":0,"pending":1,"running":0,"success":2,"total":3}
13:07:48 ~ RUNNING ~ Q003 ~ PRE_SUBMIT ~ WAITING_READY ~ {"failed":0,"interrupted":0,"pending":0,"running":1,"success":2,"total":3}
13:07:58 ~ RUNNING ~ Q003 ~ PRE_SUBMIT ~ SENDING ~ {"failed":0,"interrupted":0,"pending":0,"running":1,"success":2,"total":3}
13:08:08 ~ RUNNING ~ Q003 ~ PRE_SUBMIT ~ SENDING ~ {"failed":0,"interrupted":0,"pending":0,"running":1,"success":2,"total":3}
13:08:19 ~ RUNNING ~ Q003 ~ PRE_SUBMIT ~ SENDING ~ {"failed":0,"interrupted":0,"pending":0,"running":1,"success":2,"total":3}
13:08:29 ~ RUNNING ~ Q003 ~ PRE_SUBMIT ~ SENDING ~ {"failed":0,"interrupted":0,"pending":0,"running":1,"success":2,"total":3}
13:08:39 ~ RUNNING ~ Q003 ~ PRE_SUBMIT ~ SENDING ~ {"failed":0,"interrupted":0,"pending":0,"running":1,"success":2,"total":3}
13:08:50 ~ RUNNING ~ Q003 ~ PRE_SUBMIT ~ SENDING ~ {"failed":0,"interrupted":0,"pending":0,"running":1,"success":2,"total":3}
13:09:00 ~ RUNNING ~ Q003 ~ PRE_SUBMIT ~ SENDING ~ {"failed":0,"interrupted":0,"pending":0,"running":1,"success":2,"total":3}
13:09:10 ~ RUNNING ~ Q003 ~ PRE_SUBMIT ~ SENDING ~ {"failed":0,"interrupted":0,"pending":0,"running":1,"success":2,"total":3}
13:09:21 ~ RUNNING ~ Q003 ~ PRE_SUBMIT ~ SENDING ~ {"failed":0,"interrupted":0,"pending":0,"running":1,"success":2,"total":3}
13:09:31 ~ RUNNING ~ Q003 ~ PRE_SUBMIT ~ SENDING ~ {"failed":0,"interrupted":0,"pending":0,"running":1,"success":2,"total":3}
13:09:41 ~ RUNNING ~ Q003 ~ PRE_SUBMIT ~ GENERATING ~ {"failed":0,"interrupted":0,"pending":0,"running":1,"success":2,"total":3}
13:09:52 ~ RUNNING ~ Q003 ~ PRE_SUBMIT ~ GENERATING ~ {"failed":0,"interrupted":0,"pending":0,"running":1,"success":2,"total":3}
13:10:02 ~ RUNNING ~ Q003 ~ PRE_SUBMIT ~ GENERATING ~ {"failed":0,"interrupted":0,"pending":0,"running":1,"success":2,"total":3}
13:10:12 ~ RUNNING ~ Q003 ~ PRE_SUBMIT ~ GENERATING ~ {"failed":0,"interrupted":0,"pending":0,"running":1,"success":2,"total":3}
13:10:23 ~ RUNNING ~ Q003 ~ PRE_SUBMIT ~ GENERATING ~ {"failed":0,"interrupted":0,"pending":0,"running":1,"success":2,"total":3}
13:10:33 ~ RUNNING ~ Q003 ~ PRE_SUBMIT ~ GENERATING ~ {"failed":0,"interrupted":0,"pending":0,"running":1,"success":2,"total":3}
13:10:44 ~ RUNNING ~ Q003 ~ PRE_SUBMIT ~ GENERATING ~ {"failed":0,"interrupted":0,"pending":0,"running":1,"success":2,"total":3}
13:10:54 ~ RUNNING ~ Q003 ~ PRE_SUBMIT ~ GENERATING ~ {"failed":0,"interrupted":0,"pending":0,"running":1,"success":2,"total":3}
13:11:04 ~ RUNNING ~ Q003 ~ PRE_SUBMIT ~ GENERATING ~ {"failed":0,"interrupted":0,"pending":0,"running":1,"success":2,"total":3}
13:11:15 ~ RUNNING ~ Q003 ~ PRE_SUBMIT ~ GENERATING ~ {"failed":0,"interrupted":0,"pending":0,"running":1,"success":2,"total":3}
13:11:25 ~ RUNNING ~ Q003 ~ PRE_SUBMIT ~ GENERATING ~ {"failed":0,"interrupted":0,"pending":0,"running":1,"success":2,"total":3}
13:11:35 ~ RUNNING ~ Q003 ~ PRE_SUBMIT ~ GENERATING ~ {"failed":0,"interrupted":0,"pending":0,"running":1,"success":2,"total":3}
13:11:46 ~ RUNNING ~ Q003 ~ PRE_SUBMIT ~ GENERATING ~ {"failed":0,"interrupted":0,"pending":0,"running":1,"success":2,"total":3}
13:11:56 ~ RUNNING ~ Q003 ~ PRE_SUBMIT ~ GENERATING ~ {"failed":0,"interrupted":0,"pending":0,"running":1,"success":2,"total":3}
13:12:06 ~ RUNNING ~ Q003 ~ PRE_SUBMIT ~ GENERATING ~ {"failed":0,"interrupted":0,"pending":0,"running":1,"success":2,"total":3}
13:12:17 ~ RUNNING ~ Q003 ~ PRE_SUBMIT ~ GENERATING ~ {"failed":0,"interrupted":0,"pending":0,"running":1,"success":2,"total":3}
13:12:27 ~ RUNNING ~ Q003 ~ PRE_SUBMIT ~ GENERATING ~ {"failed":0,"interrupted":0,"pending":0,"running":1,"success":2,"total":3}
13:12:37 ~ RUNNING ~ Q003 ~ PRE_SUBMIT ~ GENERATING ~ {"failed":0,"interrupted":0,"pending":0,"running":1,"success":2,"total":3}
13:12:48 ~ RUNNING ~ Q003 ~ OUTPUT_SAVED ~ FINALIZING / WAITING_IDLE ~ {"failed":0,"interrupted":0,"pending":0,"running":1,"success":2,"total":3}
13:12:58 ~ IDLE ~ Q003 ~ SUCCESS ~ SUCCESS ~ {"failed":0,"interrupted":0,"pending":0,"running":0,"success":3,"total":3}
